main.c:95:5:main	56	static
main.c:202:6:SystemClock_Config	72	static
main.c:240:13:MX_I2C1_Init	8	static
main.c:274:13:MX_TIM2_Init	48	static
main.c:323:13:MX_TIM3_Init	64	static
main.c:382:13:MX_USART2_UART_Init	8	static
main.c:415:13:MX_USART3_UART_Init	8	static
main.c:448:13:MX_GPIO_Init	40	static
main.c:491:6:getPowersFromReading	32	static
main.c:527:5:getAverage	32	static
main.c:538:9:isOutlierInArray	48	static
main.c:547:7:get_position	80	static
main.c:585:6:Error_Handler	4	static
